// Jest Snapshot v1, https://goo.gl/fbAQLP

exports[`Navigation snapshot 1`] = `
<div>
  Mock Tab Navigator
</div>
`;
